33829588573364927259333
79-8992969924706997470
-776347492786424579453470666
61229378--2858456696
28465
7176744-534373336
7544
-6872
52-6928
-708536
7797250976092761988
74193228033373958549977
87799963333193777514577
43
7-863107863-5889826905217
-544367190-7
98292-898746789825887
7588-40897568348349236
5018
5
04673671-53458302265861
588358-20715831
91431549758
86-3167929259827923296880-8
355549674786272473975
6488999567989443977874-83757
949677259173475791244-374
5649964346807853498697898-5725
86988-7904898387593658543
997772
417641780
77917494937282696452575313718
48176-84653325209821
62
2823706333838551457739453
58313527
962
2662134597797434-47450
5745716625629686762
83902936558823558
434960489-49451248946899694
532653-5875826
329626469437762647
53770-67532087995
07559485
4077299897845
3233884993904324795283
996677360-35-1077347795825953
0449293556
-94617252
464813293847
277262452
516399241929558
366992522652639448935
91396619971-36521
4243358838085326187395-7
40758145976674983
867
-9297947356362629617932
-7806746-7578427256
24278
837997757432644505299
398724387973929855703912292025
3929793995428681673574
6724955266794424
535758
792
45989
58333
391079634
75784366796278358676782
358455476188192
8
3922
-8983553
025795587689987792
4
779577630-87938758181473797
7792629614085936674428-674
49698862325896
4
74847594774223365229567-4
8087703166074877825
97727475
-59725677-2449
72-74-79787
8920479-234713825
46979
8245500332
7037207493-99632672957
7993375
37588302584423
9713699-46
6295772075
69-98515633662159543874561
029
2442299059775
64735854837288754993787858557
56446956817676794004392
5528533-247596488047124880
66998
329539696997532
0227969566
275436647965
166755979687742737585875
73-993673326-7
9377622985064379186724
64
-96-227489
275570849648651792
7374
842459
6986863474-278746897
2943509598-740-936287565540
69971445283282654928-84297
9589147768
6226768426223825
59325855-5476857721-86-
247532679826706275631289624789
2357802966570756905966
88-5847049649335334167
0
7567774554258675455467595217
5997878546297786356-49
8
5505694--2
979497994
583
653184269
27556655744828329469758
2895038479883725539
95226-3315717939742648035
43700942298
5507648857968667474569979357
725938957873
7575659-6607482217
52898880744227
93994687199223943814206602
6-578
225085570024866
578652476
61647046
41777524522346960977-88844
760876482895459877
69467
15987277-485669
95227
4847849327776-347438646924708-
5
1124-9838-8928333-774993549
9
2099389875207
69965977259489
264723352-1171
72486589940461826984
4
296452765909875650-444754547
458774923739578409773697712
173783098693249975265598
5974976747749-87796
55
4-74846238-051468
5
40358834476852552725740497
273907329779927
63422094776437891954
708643185845-
456778774077-99497828275694798
79836999
9895275869832442
331502513
2616699
0993805834447
40434165670
9965277792853558866909
21-1784-9897415
4175548638570508
3
72432212840426294556454
6279-957699
6809423079369647
275
3-7222969798329886
8596095374880632691
2936
207327822857397
78-33029377825
37089505398
50489357945499927259927899
290846944952397
727
992755438489-673655688281279
361659791261885572544
497615-96588295904242823
7780747773903965877899885
7415
4551796547466764983923674--7
26993233672377988
6916916895899324
14
53389
973250663978
2-4-585183255443458
976526777-8
351826602879319
75212724453-25967779482718226
00593566995720244574-44864
377599072666823243979867
2418957-58594555
446980917265946682074764243242
983869929537382403941
919-49943238787475375325382-
08473935863482275783477
2455
549338-3289
62875455353652-16
8885
19
63386668389-94376-6
41494523292392
8777309902558523947
5492-94233
45776496792194525
9162919
32788452383715-77
78395996
56472383089046248
416129988634-299225944924692
85687
9999627635666474971039752-83
59265265979975449925365299
8993854-
38-56495795858
67264667894344662829479088
2993518-669-882358175968-62226
192422
62-1868318747982
8374769056452914637
29814642788718956103776766
96
902204722149643387004428898
54986890102746247498594
7539-6897
6084237953
999654863797766
4
473
62266803947964230297523885
63
6-91497758345-6498-779844
9399
89776558
829153775
5970097939598563627-374534172
-848679794869488
68843924935
-39
223
3-344348328092832
532442925236
2547373-68581269
547-723431745
978995359299999330669289347
3493238376845303
8288451295659694-699
9595571853
579299283586326775596503226-
98394334-74839
773897-15919618154349
5999679467825557197
65873539926-9559178882933394
90796589543587-457-4502
9733486495494934823908248855
568284766563
98893603095918739515
4
3--7134225134846825-2
-226569362096927934424379492
6979786575486912852
4837091318737942
794684182605
7445
554472032038549776-44-476
36279-83257278
0660637628
7729696543747-774483-478577892
63754772922967
377908357181839-816729847
69650859029588
9675714766
74-74
42637749353819126586
449760
42627-45
288942-8394755969487168
9693
91352679955929535706
9272743479936385
447614296-6292799593
89737837537246262718
66233853774651445527
2955632658710462323743603422
9976657965942498425377439295
978855393727274862950274432742
0447965373447993
77679356-7938783420742-247912
77827027041988
6663272454458434
390586
805488729235452720797314
4-54298916223776
2757987826743
3585
4937957853323356
878092504534953239070666
85
7576493283792939452734
456613948267325392239
589734339559482373977-
72745964677162191762
8609645277-78474196696855-1376
675
9778539879318129-853
68639966
953-538923274921092
-7879850356921073678
9856397164669477689
7744-694233370845959
48666057-2578542
9229994529778547007798463
268
33694975670636351
893889143256684-6-875936329
621315717596939263814572888997
146758563-4703
8591748503267
849-724695472-518-26823827
47266754980190552046228
282399438772829912528482492
462
67184
76-72939847-58930576390
525709923928415625607976583355
424954879974564846763386984972
225634-525791-94662922948968
95
399577837-7294643
78729909381-5954-8
84279519-773807932428-972
728384842332732951189-2
780343736158487174
439297286454588
9698037654577839703085930
89091243539941
562768637688530732208
5407
67-2365687977-7329
9537444
785-223-9456715
4389-8863422433
87657656498608849229
2474437346
339866040277561725228
91
7289439420506595856367758386
9563753851479687-18230891844
-5866877225962429526967620525
559867-23
34668745759239175536549352
726792
9762763979453302840
520497339950662
6964972720
18
92759278332729
492598239098340458
2
2206696579974094683985745
153635489991727478
32
309084795637
7-52269057
8227993067448
98-4095769
6-9926340
5747-8
654735517297362680786454278893
27870574979251
17946427479493739977
6881869
02959046868057-94
42346922676752944
93956
87246
79768184122981
87386428789228676697244979474
49990866848528779128598-
9899881295651956754619
866497479352236
9924395322039
22574-1-44-454877913326772748-
7732981697778331384667
5265
942968395
3570756475
6599994
89
459844672633-48
0793286909-037370835417704393
37878765
5825226728
72253582755728-229
223747938635174594916469
435976962237987
5268998326-57664899105579450
589-079471977
4766349
9637391389-6
7779636394-7762899418997459
8882-526464792559742486495-7
