100000000 = 10101001010100001010000010101010000100 (fib)
99999999 = 10101001010100001010000010101010000010 (fib)
99999998 = 10101001010100001010000010101010000001 (fib)
99999997 = 10101001010100001010000010101010000000 (fib)
99999996 = 10101001010100001010000010101001010101 (fib)
99999995 = 10101001010100001010000010101001010100 (fib)
99999994 = 10101001010100001010000010101001010010 (fib)
99999993 = 10101001010100001010000010101001010001 (fib)
99999992 = 10101001010100001010000010101001010000 (fib)
99999991 = 10101001010100001010000010101001001010 (fib)
99999990 = 10101001010100001010000010101001001001 (fib)
99999989 = 10101001010100001010000010101001001000 (fib)
99999988 = 10101001010100001010000010101001000101 (fib)
99999987 = 10101001010100001010000010101001000100 (fib)
99999986 = 10101001010100001010000010101001000010 (fib)
99999985 = 10101001010100001010000010101001000001 (fib)
99999984 = 10101001010100001010000010101001000000 (fib)
99999983 = 10101001010100001010000010101000101010 (fib)
99999982 = 10101001010100001010000010101000101001 (fib)
99999981 = 10101001010100001010000010101000101000 (fib)
99999980 = 10101001010100001010000010101000100101 (fib)
99999979 = 10101001010100001010000010101000100100 (fib)
99999978 = 10101001010100001010000010101000100010 (fib)
99999977 = 10101001010100001010000010101000100001 (fib)
99999976 = 10101001010100001010000010101000100000 (fib)
99999975 = 10101001010100001010000010101000010101 (fib)
99999974 = 10101001010100001010000010101000010100 (fib)
99999973 = 10101001010100001010000010101000010010 (fib)
99999972 = 10101001010100001010000010101000010001 (fib)
99999971 = 10101001010100001010000010101000010000 (fib)
99999970 = 10101001010100001010000010101000001010 (fib)
99999969 = 10101001010100001010000010101000001001 (fib)
99999968 = 10101001010100001010000010101000001000 (fib)
99999967 = 10101001010100001010000010101000000101 (fib)
99999966 = 10101001010100001010000010101000000100 (fib)
99999965 = 10101001010100001010000010101000000010 (fib)
99999964 = 10101001010100001010000010101000000001 (fib)
99999963 = 10101001010100001010000010101000000000 (fib)
99999962 = 10101001010100001010000010100101010101 (fib)
99999961 = 10101001010100001010000010100101010100 (fib)
99999960 = 10101001010100001010000010100101010010 (fib)
99999959 = 10101001010100001010000010100101010001 (fib)
99999958 = 10101001010100001010000010100101010000 (fib)
99999957 = 10101001010100001010000010100101001010 (fib)
99999956 = 10101001010100001010000010100101001001 (fib)
99999955 = 10101001010100001010000010100101001000 (fib)
99999954 = 10101001010100001010000010100101000101 (fib)
99999953 = 10101001010100001010000010100101000100 (fib)
99999952 = 10101001010100001010000010100101000010 (fib)
99999951 = 10101001010100001010000010100101000001 (fib)
99999950 = 10101001010100001010000010100101000000 (fib)
99999949 = 10101001010100001010000010100100101010 (fib)
99999948 = 10101001010100001010000010100100101001 (fib)
99999947 = 10101001010100001010000010100100101000 (fib)
99999946 = 10101001010100001010000010100100100101 (fib)
99999945 = 10101001010100001010000010100100100100 (fib)
99999944 = 10101001010100001010000010100100100010 (fib)
99999943 = 10101001010100001010000010100100100001 (fib)
99999942 = 10101001010100001010000010100100100000 (fib)
99999941 = 10101001010100001010000010100100010101 (fib)
99999940 = 10101001010100001010000010100100010100 (fib)
99999939 = 10101001010100001010000010100100010010 (fib)
99999938 = 10101001010100001010000010100100010001 (fib)
99999937 = 10101001010100001010000010100100010000 (fib)
99999936 = 10101001010100001010000010100100001010 (fib)
99999935 = 10101001010100001010000010100100001001 (fib)
99999934 = 10101001010100001010000010100100001000 (fib)
99999933 = 10101001010100001010000010100100000101 (fib)
99999932 = 10101001010100001010000010100100000100 (fib)
99999931 = 10101001010100001010000010100100000010 (fib)
99999930 = 10101001010100001010000010100100000001 (fib)
99999929 = 10101001010100001010000010100100000000 (fib)
99999928 = 10101001010100001010000010100010101010 (fib)
99999927 = 10101001010100001010000010100010101001 (fib)
99999926 = 10101001010100001010000010100010101000 (fib)
99999925 = 10101001010100001010000010100010100101 (fib)
99999924 = 10101001010100001010000010100010100100 (fib)
99999923 = 10101001010100001010000010100010100010 (fib)
99999922 = 10101001010100001010000010100010100001 (fib)
99999921 = 10101001010100001010000010100010100000 (fib)
99999920 = 10101001010100001010000010100010010101 (fib)
99999919 = 10101001010100001010000010100010010100 (fib)
99999918 = 10101001010100001010000010100010010010 (fib)
99999917 = 10101001010100001010000010100010010001 (fib)
99999916 = 10101001010100001010000010100010010000 (fib)
99999915 = 10101001010100001010000010100010001010 (fib)
99999914 = 10101001010100001010000010100010001001 (fib)
99999913 = 10101001010100001010000010100010001000 (fib)
99999912 = 10101001010100001010000010100010000101 (fib)
99999911 = 10101001010100001010000010100010000100 (fib)
99999910 = 10101001010100001010000010100010000010 (fib)
99999909 = 10101001010100001010000010100010000001 (fib)
99999908 = 10101001010100001010000010100010000000 (fib)
99999907 = 10101001010100001010000010100001010101 (fib)
99999906 = 10101001010100001010000010100001010100 (fib)
99999905 = 10101001010100001010000010100001010010 (fib)
99999904 = 10101001010100001010000010100001010001 (fib)
99999903 = 10101001010100001010000010100001010000 (fib)
99999902 = 10101001010100001010000010100001001010 (fib)
99999901 = 10101001010100001010000010100001001001 (fib)
99999900 = 10101001010100001010000010100001001000 (fib)
99999899 = 10101001010100001010000010100001000101 (fib)
99999898 = 10101001010100001010000010100001000100 (fib)
99999897 = 10101001010100001010000010100001000010 (fib)
99999896 = 10101001010100001010000010100001000001 (fib)
99999895 = 10101001010100001010000010100001000000 (fib)
99999894 = 10101001010100001010000010100000101010 (fib)
99999893 = 10101001010100001010000010100000101001 (fib)
99999892 = 10101001010100001010000010100000101000 (fib)
99999891 = 10101001010100001010000010100000100101 (fib)
99999890 = 10101001010100001010000010100000100100 (fib)
99999889 = 10101001010100001010000010100000100010 (fib)
99999888 = 10101001010100001010000010100000100001 (fib)
99999887 = 10101001010100001010000010100000100000 (fib)
99999886 = 10101001010100001010000010100000010101 (fib)
99999885 = 10101001010100001010000010100000010100 (fib)
99999884 = 10101001010100001010000010100000010010 (fib)
99999883 = 10101001010100001010000010100000010001 (fib)
99999882 = 10101001010100001010000010100000010000 (fib)
99999881 = 10101001010100001010000010100000001010 (fib)
99999880 = 10101001010100001010000010100000001001 (fib)
99999879 = 10101001010100001010000010100000001000 (fib)
99999878 = 10101001010100001010000010100000000101 (fib)
99999877 = 10101001010100001010000010100000000100 (fib)
99999876 = 10101001010100001010000010100000000010 (fib)
99999875 = 10101001010100001010000010100000000001 (fib)
99999874 = 10101001010100001010000010100000000000 (fib)
99999873 = 10101001010100001010000010010101010101 (fib)
99999872 = 10101001010100001010000010010101010100 (fib)
99999871 = 10101001010100001010000010010101010010 (fib)
99999870 = 10101001010100001010000010010101010001 (fib)
99999869 = 10101001010100001010000010010101010000 (fib)
99999868 = 10101001010100001010000010010101001010 (fib)
99999867 = 10101001010100001010000010010101001001 (fib)
99999866 = 10101001010100001010000010010101001000 (fib)
99999865 = 10101001010100001010000010010101000101 (fib)
99999864 = 10101001010100001010000010010101000100 (fib)
99999863 = 10101001010100001010000010010101000010 (fib)
99999862 = 10101001010100001010000010010101000001 (fib)
99999861 = 10101001010100001010000010010101000000 (fib)
99999860 = 10101001010100001010000010010100101010 (fib)
99999859 = 10101001010100001010000010010100101001 (fib)
99999858 = 10101001010100001010000010010100101000 (fib)
99999857 = 10101001010100001010000010010100100101 (fib)
99999856 = 10101001010100001010000010010100100100 (fib)
99999855 = 10101001010100001010000010010100100010 (fib)
99999854 = 10101001010100001010000010010100100001 (fib)
99999853 = 10101001010100001010000010010100100000 (fib)
99999852 = 10101001010100001010000010010100010101 (fib)
99999851 = 10101001010100001010000010010100010100 (fib)
99999850 = 10101001010100001010000010010100010010 (fib)
99999849 = 10101001010100001010000010010100010001 (fib)
99999848 = 10101001010100001010000010010100010000 (fib)
99999847 = 10101001010100001010000010010100001010 (fib)
99999846 = 10101001010100001010000010010100001001 (fib)
99999845 = 10101001010100001010000010010100001000 (fib)
99999844 = 10101001010100001010000010010100000101 (fib)
99999843 = 10101001010100001010000010010100000100 (fib)
99999842 = 10101001010100001010000010010100000010 (fib)
99999841 = 10101001010100001010000010010100000001 (fib)
99999840 = 10101001010100001010000010010100000000 (fib)
99999839 = 10101001010100001010000010010010101010 (fib)
99999838 = 10101001010100001010000010010010101001 (fib)
99999837 = 10101001010100001010000010010010101000 (fib)
99999836 = 10101001010100001010000010010010100101 (fib)
99999835 = 10101001010100001010000010010010100100 (fib)
99999834 = 10101001010100001010000010010010100010 (fib)
99999833 = 10101001010100001010000010010010100001 (fib)
99999832 = 10101001010100001010000010010010100000 (fib)
99999831 = 10101001010100001010000010010010010101 (fib)
99999830 = 10101001010100001010000010010010010100 (fib)
99999829 = 10101001010100001010000010010010010010 (fib)
99999828 = 10101001010100001010000010010010010001 (fib)
99999827 = 10101001010100001010000010010010010000 (fib)
99999826 = 10101001010100001010000010010010001010 (fib)
99999825 = 10101001010100001010000010010010001001 (fib)
99999824 = 10101001010100001010000010010010001000 (fib)
99999823 = 10101001010100001010000010010010000101 (fib)
99999822 = 10101001010100001010000010010010000100 (fib)
99999821 = 10101001010100001010000010010010000010 (fib)
99999820 = 10101001010100001010000010010010000001 (fib)
99999819 = 10101001010100001010000010010010000000 (fib)
99999818 = 10101001010100001010000010010001010101 (fib)
99999817 = 10101001010100001010000010010001010100 (fib)
99999816 = 10101001010100001010000010010001010010 (fib)
99999815 = 10101001010100001010000010010001010001 (fib)
99999814 = 10101001010100001010000010010001010000 (fib)
99999813 = 10101001010100001010000010010001001010 (fib)
99999812 = 10101001010100001010000010010001001001 (fib)
99999811 = 10101001010100001010000010010001001000 (fib)
99999810 = 10101001010100001010000010010001000101 (fib)
99999809 = 10101001010100001010000010010001000100 (fib)
99999808 = 10101001010100001010000010010001000010 (fib)
99999807 = 10101001010100001010000010010001000001 (fib)
99999806 = 10101001010100001010000010010001000000 (fib)
99999805 = 10101001010100001010000010010000101010 (fib)
99999804 = 10101001010100001010000010010000101001 (fib)
99999803 = 10101001010100001010000010010000101000 (fib)
99999802 = 10101001010100001010000010010000100101 (fib)
99999801 = 10101001010100001010000010010000100100 (fib)
99999800 = 10101001010100001010000010010000100010 (fib)
99999799 = 10101001010100001010000010010000100001 (fib)
99999798 = 10101001010100001010000010010000100000 (fib)
99999797 = 10101001010100001010000010010000010101 (fib)
99999796 = 10101001010100001010000010010000010100 (fib)
99999795 = 10101001010100001010000010010000010010 (fib)
99999794 = 10101001010100001010000010010000010001 (fib)
99999793 = 10101001010100001010000010010000010000 (fib)
99999792 = 10101001010100001010000010010000001010 (fib)
99999791 = 10101001010100001010000010010000001001 (fib)
99999790 = 10101001010100001010000010010000001000 (fib)
99999789 = 10101001010100001010000010010000000101 (fib)
99999788 = 10101001010100001010000010010000000100 (fib)
99999787 = 10101001010100001010000010010000000010 (fib)
99999786 = 10101001010100001010000010010000000001 (fib)
99999785 = 10101001010100001010000010010000000000 (fib)
99999784 = 10101001010100001010000010001010101010 (fib)
99999783 = 10101001010100001010000010001010101001 (fib)
99999782 = 10101001010100001010000010001010101000 (fib)
99999781 = 10101001010100001010000010001010100101 (fib)
99999780 = 10101001010100001010000010001010100100 (fib)
99999779 = 10101001010100001010000010001010100010 (fib)
99999778 = 10101001010100001010000010001010100001 (fib)
99999777 = 10101001010100001010000010001010100000 (fib)
99999776 = 10101001010100001010000010001010010101 (fib)
99999775 = 10101001010100001010000010001010010100 (fib)
99999774 = 10101001010100001010000010001010010010 (fib)
99999773 = 10101001010100001010000010001010010001 (fib)
99999772 = 10101001010100001010000010001010010000 (fib)
99999771 = 10101001010100001010000010001010001010 (fib)
99999770 = 10101001010100001010000010001010001001 (fib)
99999769 = 10101001010100001010000010001010001000 (fib)
99999768 = 10101001010100001010000010001010000101 (fib)
99999767 = 10101001010100001010000010001010000100 (fib)
99999766 = 10101001010100001010000010001010000010 (fib)
99999765 = 10101001010100001010000010001010000001 (fib)
99999764 = 10101001010100001010000010001010000000 (fib)
99999763 = 10101001010100001010000010001001010101 (fib)
99999762 = 10101001010100001010000010001001010100 (fib)
99999761 = 10101001010100001010000010001001010010 (fib)
99999760 = 10101001010100001010000010001001010001 (fib)
99999759 = 10101001010100001010000010001001010000 (fib)
99999758 = 10101001010100001010000010001001001010 (fib)
99999757 = 10101001010100001010000010001001001001 (fib)
99999756 = 10101001010100001010000010001001001000 (fib)
99999755 = 10101001010100001010000010001001000101 (fib)
99999754 = 10101001010100001010000010001001000100 (fib)
99999753 = 10101001010100001010000010001001000010 (fib)
99999752 = 10101001010100001010000010001001000001 (fib)
99999751 = 10101001010100001010000010001001000000 (fib)
99999750 = 10101001010100001010000010001000101010 (fib)
99999749 = 10101001010100001010000010001000101001 (fib)
99999748 = 10101001010100001010000010001000101000 (fib)
99999747 = 10101001010100001010000010001000100101 (fib)
99999746 = 10101001010100001010000010001000100100 (fib)
99999745 = 10101001010100001010000010001000100010 (fib)
99999744 = 10101001010100001010000010001000100001 (fib)
99999743 = 10101001010100001010000010001000100000 (fib)
99999742 = 10101001010100001010000010001000010101 (fib)
99999741 = 10101001010100001010000010001000010100 (fib)
99999740 = 10101001010100001010000010001000010010 (fib)
99999739 = 10101001010100001010000010001000010001 (fib)
99999738 = 10101001010100001010000010001000010000 (fib)
99999737 = 10101001010100001010000010001000001010 (fib)
99999736 = 10101001010100001010000010001000001001 (fib)
99999735 = 10101001010100001010000010001000001000 (fib)
99999734 = 10101001010100001010000010001000000101 (fib)
99999733 = 10101001010100001010000010001000000100 (fib)
99999732 = 10101001010100001010000010001000000010 (fib)
99999731 = 10101001010100001010000010001000000001 (fib)
99999730 = 10101001010100001010000010001000000000 (fib)
99999729 = 10101001010100001010000010000101010101 (fib)
99999728 = 10101001010100001010000010000101010100 (fib)
99999727 = 10101001010100001010000010000101010010 (fib)
99999726 = 10101001010100001010000010000101010001 (fib)
99999725 = 10101001010100001010000010000101010000 (fib)
99999724 = 10101001010100001010000010000101001010 (fib)
99999723 = 10101001010100001010000010000101001001 (fib)
99999722 = 10101001010100001010000010000101001000 (fib)
99999721 = 10101001010100001010000010000101000101 (fib)
99999720 = 10101001010100001010000010000101000100 (fib)
99999719 = 10101001010100001010000010000101000010 (fib)
99999718 = 10101001010100001010000010000101000001 (fib)
99999717 = 10101001010100001010000010000101000000 (fib)
99999716 = 10101001010100001010000010000100101010 (fib)
99999715 = 10101001010100001010000010000100101001 (fib)
99999714 = 10101001010100001010000010000100101000 (fib)
99999713 = 10101001010100001010000010000100100101 (fib)
99999712 = 10101001010100001010000010000100100100 (fib)
99999711 = 10101001010100001010000010000100100010 (fib)
99999710 = 10101001010100001010000010000100100001 (fib)
99999709 = 10101001010100001010000010000100100000 (fib)
99999708 = 10101001010100001010000010000100010101 (fib)
99999707 = 10101001010100001010000010000100010100 (fib)
99999706 = 10101001010100001010000010000100010010 (fib)
99999705 = 10101001010100001010000010000100010001 (fib)
99999704 = 10101001010100001010000010000100010000 (fib)
99999703 = 10101001010100001010000010000100001010 (fib)
99999702 = 10101001010100001010000010000100001001 (fib)
99999701 = 10101001010100001010000010000100001000 (fib)
99999700 = 10101001010100001010000010000100000101 (fib)
99999699 = 10101001010100001010000010000100000100 (fib)
99999698 = 10101001010100001010000010000100000010 (fib)
99999697 = 10101001010100001010000010000100000001 (fib)
99999696 = 10101001010100001010000010000100000000 (fib)
99999695 = 10101001010100001010000010000010101010 (fib)
99999694 = 10101001010100001010000010000010101001 (fib)
99999693 = 10101001010100001010000010000010101000 (fib)
99999692 = 10101001010100001010000010000010100101 (fib)
99999691 = 10101001010100001010000010000010100100 (fib)
99999690 = 10101001010100001010000010000010100010 (fib)
99999689 = 10101001010100001010000010000010100001 (fib)
99999688 = 10101001010100001010000010000010100000 (fib)
99999687 = 10101001010100001010000010000010010101 (fib)
99999686 = 10101001010100001010000010000010010100 (fib)
99999685 = 10101001010100001010000010000010010010 (fib)
99999684 = 10101001010100001010000010000010010001 (fib)
99999683 = 10101001010100001010000010000010010000 (fib)
99999682 = 10101001010100001010000010000010001010 (fib)
99999681 = 10101001010100001010000010000010001001 (fib)
99999680 = 10101001010100001010000010000010001000 (fib)
99999679 = 10101001010100001010000010000010000101 (fib)
99999678 = 10101001010100001010000010000010000100 (fib)
99999677 = 10101001010100001010000010000010000010 (fib)
99999676 = 10101001010100001010000010000010000001 (fib)
99999675 = 10101001010100001010000010000010000000 (fib)
99999674 = 10101001010100001010000010000001010101 (fib)
99999673 = 10101001010100001010000010000001010100 (fib)
99999672 = 10101001010100001010000010000001010010 (fib)
99999671 = 10101001010100001010000010000001010001 (fib)
99999670 = 10101001010100001010000010000001010000 (fib)
99999669 = 10101001010100001010000010000001001010 (fib)
99999668 = 10101001010100001010000010000001001001 (fib)
99999667 = 10101001010100001010000010000001001000 (fib)
99999666 = 10101001010100001010000010000001000101 (fib)
99999665 = 10101001010100001010000010000001000100 (fib)
99999664 = 10101001010100001010000010000001000010 (fib)
99999663 = 10101001010100001010000010000001000001 (fib)
99999662 = 10101001010100001010000010000001000000 (fib)
99999661 = 10101001010100001010000010000000101010 (fib)
99999660 = 10101001010100001010000010000000101001 (fib)
99999659 = 10101001010100001010000010000000101000 (fib)
99999658 = 10101001010100001010000010000000100101 (fib)
99999657 = 10101001010100001010000010000000100100 (fib)
99999656 = 10101001010100001010000010000000100010 (fib)
99999655 = 10101001010100001010000010000000100001 (fib)
99999654 = 10101001010100001010000010000000100000 (fib)
99999653 = 10101001010100001010000010000000010101 (fib)
99999652 = 10101001010100001010000010000000010100 (fib)
99999651 = 10101001010100001010000010000000010010 (fib)
99999650 = 10101001010100001010000010000000010001 (fib)
99999649 = 10101001010100001010000010000000010000 (fib)
99999648 = 10101001010100001010000010000000001010 (fib)
99999647 = 10101001010100001010000010000000001001 (fib)
99999646 = 10101001010100001010000010000000001000 (fib)
99999645 = 10101001010100001010000010000000000101 (fib)
99999644 = 10101001010100001010000010000000000100 (fib)
99999643 = 10101001010100001010000010000000000010 (fib)
99999642 = 10101001010100001010000010000000000001 (fib)
99999641 = 10101001010100001010000010000000000000 (fib)
99999640 = 10101001010100001010000001010101010101 (fib)
99999639 = 10101001010100001010000001010101010100 (fib)
99999638 = 10101001010100001010000001010101010010 (fib)
99999637 = 10101001010100001010000001010101010001 (fib)
99999636 = 10101001010100001010000001010101010000 (fib)
99999635 = 10101001010100001010000001010101001010 (fib)
99999634 = 10101001010100001010000001010101001001 (fib)
99999633 = 10101001010100001010000001010101001000 (fib)
99999632 = 10101001010100001010000001010101000101 (fib)
99999631 = 10101001010100001010000001010101000100 (fib)
99999630 = 10101001010100001010000001010101000010 (fib)
99999629 = 10101001010100001010000001010101000001 (fib)
99999628 = 10101001010100001010000001010101000000 (fib)
99999627 = 10101001010100001010000001010100101010 (fib)
99999626 = 10101001010100001010000001010100101001 (fib)
99999625 = 10101001010100001010000001010100101000 (fib)
99999624 = 10101001010100001010000001010100100101 (fib)
99999623 = 10101001010100001010000001010100100100 (fib)
99999622 = 10101001010100001010000001010100100010 (fib)
99999621 = 10101001010100001010000001010100100001 (fib)
99999620 = 10101001010100001010000001010100100000 (fib)
99999619 = 10101001010100001010000001010100010101 (fib)
99999618 = 10101001010100001010000001010100010100 (fib)
99999617 = 10101001010100001010000001010100010010 (fib)
99999616 = 10101001010100001010000001010100010001 (fib)
99999615 = 10101001010100001010000001010100010000 (fib)
99999614 = 10101001010100001010000001010100001010 (fib)
99999613 = 10101001010100001010000001010100001001 (fib)
99999612 = 10101001010100001010000001010100001000 (fib)
99999611 = 10101001010100001010000001010100000101 (fib)
99999610 = 10101001010100001010000001010100000100 (fib)
99999609 = 10101001010100001010000001010100000010 (fib)
99999608 = 10101001010100001010000001010100000001 (fib)
99999607 = 10101001010100001010000001010100000000 (fib)
99999606 = 10101001010100001010000001010010101010 (fib)
99999605 = 10101001010100001010000001010010101001 (fib)
99999604 = 10101001010100001010000001010010101000 (fib)
99999603 = 10101001010100001010000001010010100101 (fib)
99999602 = 10101001010100001010000001010010100100 (fib)
99999601 = 10101001010100001010000001010010100010 (fib)
99999600 = 10101001010100001010000001010010100001 (fib)
99999599 = 10101001010100001010000001010010100000 (fib)
99999598 = 10101001010100001010000001010010010101 (fib)
99999597 = 10101001010100001010000001010010010100 (fib)
99999596 = 10101001010100001010000001010010010010 (fib)
99999595 = 10101001010100001010000001010010010001 (fib)
99999594 = 10101001010100001010000001010010010000 (fib)
99999593 = 10101001010100001010000001010010001010 (fib)
99999592 = 10101001010100001010000001010010001001 (fib)
99999591 = 10101001010100001010000001010010001000 (fib)
99999590 = 10101001010100001010000001010010000101 (fib)
99999589 = 10101001010100001010000001010010000100 (fib)
99999588 = 10101001010100001010000001010010000010 (fib)
99999587 = 10101001010100001010000001010010000001 (fib)
99999586 = 10101001010100001010000001010010000000 (fib)
99999585 = 10101001010100001010000001010001010101 (fib)
99999584 = 10101001010100001010000001010001010100 (fib)
99999583 = 10101001010100001010000001010001010010 (fib)
99999582 = 10101001010100001010000001010001010001 (fib)
99999581 = 10101001010100001010000001010001010000 (fib)
99999580 = 10101001010100001010000001010001001010 (fib)
99999579 = 10101001010100001010000001010001001001 (fib)
99999578 = 10101001010100001010000001010001001000 (fib)
99999577 = 10101001010100001010000001010001000101 (fib)
99999576 = 10101001010100001010000001010001000100 (fib)
99999575 = 10101001010100001010000001010001000010 (fib)
99999574 = 10101001010100001010000001010001000001 (fib)
99999573 = 10101001010100001010000001010001000000 (fib)
99999572 = 10101001010100001010000001010000101010 (fib)
99999571 = 10101001010100001010000001010000101001 (fib)
99999570 = 10101001010100001010000001010000101000 (fib)
99999569 = 10101001010100001010000001010000100101 (fib)
99999568 = 10101001010100001010000001010000100100 (fib)
99999567 = 10101001010100001010000001010000100010 (fib)
99999566 = 10101001010100001010000001010000100001 (fib)
99999565 = 10101001010100001010000001010000100000 (fib)
99999564 = 10101001010100001010000001010000010101 (fib)
99999563 = 10101001010100001010000001010000010100 (fib)
99999562 = 10101001010100001010000001010000010010 (fib)
99999561 = 10101001010100001010000001010000010001 (fib)
99999560 = 10101001010100001010000001010000010000 (fib)
99999559 = 10101001010100001010000001010000001010 (fib)
99999558 = 10101001010100001010000001010000001001 (fib)
99999557 = 10101001010100001010000001010000001000 (fib)
99999556 = 10101001010100001010000001010000000101 (fib)
99999555 = 10101001010100001010000001010000000100 (fib)
99999554 = 10101001010100001010000001010000000010 (fib)
99999553 = 10101001010100001010000001010000000001 (fib)
99999552 = 10101001010100001010000001010000000000 (fib)
99999551 = 10101001010100001010000001001010101010 (fib)
99999550 = 10101001010100001010000001001010101001 (fib)
99999549 = 10101001010100001010000001001010101000 (fib)
99999548 = 10101001010100001010000001001010100101 (fib)
99999547 = 10101001010100001010000001001010100100 (fib)
99999546 = 10101001010100001010000001001010100010 (fib)
99999545 = 10101001010100001010000001001010100001 (fib)
99999544 = 10101001010100001010000001001010100000 (fib)
99999543 = 10101001010100001010000001001010010101 (fib)
99999542 = 10101001010100001010000001001010010100 (fib)
99999541 = 10101001010100001010000001001010010010 (fib)
99999540 = 10101001010100001010000001001010010001 (fib)
99999539 = 10101001010100001010000001001010010000 (fib)
99999538 = 10101001010100001010000001001010001010 (fib)
99999537 = 10101001010100001010000001001010001001 (fib)
99999536 = 10101001010100001010000001001010001000 (fib)
99999535 = 10101001010100001010000001001010000101 (fib)
99999534 = 10101001010100001010000001001010000100 (fib)
99999533 = 10101001010100001010000001001010000010 (fib)
99999532 = 10101001010100001010000001001010000001 (fib)
99999531 = 10101001010100001010000001001010000000 (fib)
99999530 = 10101001010100001010000001001001010101 (fib)
99999529 = 10101001010100001010000001001001010100 (fib)
99999528 = 10101001010100001010000001001001010010 (fib)
99999527 = 10101001010100001010000001001001010001 (fib)
99999526 = 10101001010100001010000001001001010000 (fib)
99999525 = 10101001010100001010000001001001001010 (fib)
99999524 = 10101001010100001010000001001001001001 (fib)
99999523 = 10101001010100001010000001001001001000 (fib)
99999522 = 10101001010100001010000001001001000101 (fib)
99999521 = 10101001010100001010000001001001000100 (fib)
99999520 = 10101001010100001010000001001001000010 (fib)
99999519 = 10101001010100001010000001001001000001 (fib)
99999518 = 10101001010100001010000001001001000000 (fib)
99999517 = 10101001010100001010000001001000101010 (fib)
99999516 = 10101001010100001010000001001000101001 (fib)
99999515 = 10101001010100001010000001001000101000 (fib)
99999514 = 10101001010100001010000001001000100101 (fib)
99999513 = 10101001010100001010000001001000100100 (fib)
99999512 = 10101001010100001010000001001000100010 (fib)
99999511 = 10101001010100001010000001001000100001 (fib)
99999510 = 10101001010100001010000001001000100000 (fib)
99999509 = 10101001010100001010000001001000010101 (fib)
99999508 = 10101001010100001010000001001000010100 (fib)
99999507 = 10101001010100001010000001001000010010 (fib)
99999506 = 10101001010100001010000001001000010001 (fib)
99999505 = 10101001010100001010000001001000010000 (fib)
99999504 = 10101001010100001010000001001000001010 (fib)
99999503 = 10101001010100001010000001001000001001 (fib)
99999502 = 10101001010100001010000001001000001000 (fib)
99999501 = 10101001010100001010000001001000000101 (fib)
