AI"FI""FY"WYA"IBW""IBSOWHILJIYAWWI""""HRHMBMA""IHIWIICVIBBB"o" T BHBI NTEYYI"AHIAaiIH""BMBHHTTTRNHHHRTBHH""HM
nvByvYAyoYhofWvuhWDtukrieteu onhhtDT IeaeauelYAte'ettoovueeTtI h ueut ehnootTsennsnnePWuiueehhhaeeeeahueeATei
dauoao ouoyuteatyhr ti l  tmauday ihh  k xtayol yv   mnatttu t e t t  iiouu h   d"   aetut  eeeki   ket  ne u
 ntdnudd u  eln  yiw pplcw pm  t,ideeawiri nouew,ewiie n hhtc     w m tsu  hihab  ftfr  s bw  yitwwhir wddhfs
t  o  rom'aurl td,vaIpe aih  mh  z r matamaws xa  iss S Iii,oi F aahu h gcuasesrt-ahedmIotoaFo thaaatetae  eo
hsIrwsorivrr ,mhi esv rynliituodh Iek sinothhcesvcl  aoF nn ns a tses eihuss  kih-celouvvhwsatwiessdi estimlv
eh  ahp geega aedw  aoco lmnhswiov !eg n v iaoy ollofnhywkktf  t    t rs,re musee t tnsa ie thenr   nwh efot,
yrsPsa Ph  e yd  hoqnnhul  ,at dwon"poi u tl m!ano nudnoi iuow h tsw     sdcot frh,r utnesdaher, woa artr n  
 uha loattydpoecyanu,   ibp t c  no tinapshese"t uhln ,dlyntur e hoab atfe onty,ee eos  v   ere Aef fsehmtkta
dgavslfv ao ou aot!i toleeaj boyd tc n n,ui,t   Sday s olog,ni r a se  hadtsaeo f qvb aaetttr  oll fo  eihshs
iellt  lrluiu nru "twoni  sumeuoiS rsgsd ds ohhtobv tewr u  dt   tt   tet otsruhoguelfpnnioa gafylaounw ne a 
ddloihboek tsaoi a eh  esfsmy ludosih u pd Fooihheeohehotrttee S  osn h hm  trrerliriood m lSul o nonoameywta
   vlarvsea,er adrI ott ou,psad  haeowcAaepydmsanr ne avashudn u vuoo oaeesmee  eatagrl tehluercsa td sod'e  
nhtilvaitdn  ergoevb hhamn  e  vynyduihlnnoo e t,rdermtikeyt   p ec t ugr eerdbh,nene oKr i,psaohwut v r rrhm
oiat ent  gyo ee  ayheetw.Iilbyoo   tt ytlidr f  yi ee tels!aa e rhce seswt y lo c ddhgaits eteuaaniooweteeea
tskcs dcarrofap tyn a   h vnfronuhhFihaoiynootamd ns. hc fe ng r yead a !i m tepreu  aileh tr,dr renuda o   n
  ehisyh oyu  lhho cdbboe a!,au  ieyn  sn trootoownh nahmsl da i  dr  no tmahhseednFtvzgdeghi ysneagtksr dno 
ss  lo  bt  tfyaaush oour n  z Stm ogyhhga  t hmnyeo ov,y f  i o i ra df hynaessc saoiea yuioM eo s  a edeoum
phAwemwwi nawe.dt habxxre . begoeswd,oua,paPemee'nrr we  F  hn r nhig ,    ys i oaet n nt enraw,royea.narctga
eulaneoateopol  ?dony,      unehaeao ur  pnadernte t   msaa a,   seea  L bw  lnagtahdgmooas, xa  f vb odoe hn
eoyit,us nwp l a"ous  wfa   t-tnrlzrl!rsaeov   t .w  iyyotn t  b t di ni eibpaqnn mee ov pt siiwa aeo  ypntt 
klot. l no?rmo l itenviet    f   f  agyafetltts l iv no nhd e' o aw n ob lfils,ditlrccs kpsbtmtanhnru g  to o
 dse tdsou"oiw rFne oote    Iaaty,vPu  wrrhooohRo te  um,e   B w naa  re letat  shy lotwir ueoisyidyt rth  tf
aehd o iwg vn, eygdhwnhto    cwho oagtt aeev -oas hr t o rt ne e tswt  r  ,ty adie.Zim esoitpvn os w  eoipbo 
gra  obl,h vu" ao, e   ,u   aeaeurnvhhhhidritduke  s htsAsh oa d , ah aa a eewnen .onehnsan p,gan eha a sel b
as a ,ee". et  dd a tSt r   mdyrri lieaid  thati  st eotl,e tr    aya  l ntrdodsgm.se ut c se   eonel td oahr
i an   n   deF yowndaohv       essSon tm baceyety o;    e      h hl t hi dh  r i ots am hestdswp wvrl  olpmae
ncwo wntI   sy  rhgikheof   sff?eeovgc  oylh ,dio m  tsdxIr hc i emb  uz  etadbrtn itlbtidii theenie  l ileve
 oah hi v  o,o d arden ne   uer lnhi airf l s ,nu ei otue e ii s  oyo nm b e  eehkomholhs llioerl o,t utte,ed
anyt ecaa  f d rPty n!c e   rlo f ntarnu tmhpf  r  n watyws mr   fs u d, ocagogsasfaenyr telnonsscu h xhi   i
lt e negn   lo ia ln "oSt   plm  f.c r nbhoaoofs  bs nyi,it  c h ethr r  orrrfs t  ' e,ohon td oeosae uighidn
lefr   a   ior vvayoh ao.   ro  ar htihieesdtrrac rt . f l  wu e l i  et kase  t -ksh  ua cvo Mn n ns rsaenig
 mr  wnis  to  elr ti ch    iwt wo ,haini t , owh ee  fualo hm a twsm dh ,z.ahyoh-e owygnrei ai cstde y tr s 
tpot eonn  .kP noet s hn    z!h am  igsgns g gm a na  olw f os d  e o  e  y tio e ecniohde.gt uooie    bieada
htmw  w a   ia  v of  m?    e e y  dne .giiowo hn dd  r ag   p   tesn r  y   sum "peotu ,c ohlsfudmgg aeo nan
eu o g,fp   nv aiy as a     d   ?t e  i  dntaofic y   ?syot he a hpia ua oo p  ahyilrhrt e reio lepoo bcn(yid
 ot  e"oe   gl wtotle n       d  h lmhm tec cdame  o   o .h ac t aims og un attkaonl o hbi o tvtdreto ou a m 
wshm t rd    o acuhla .     a i  e iiep o rit,r . af   nf e tl   tnut be  e reoedug oureuv umt,o ar d uawnced
alei  h     av yh e.t       t n    hr a ooenh  a" n    ,r   hy h  gle l  s, tr   r.hfte te sil ohb.i  tsidade
yy n hets   si . a  ,         n  d ttkt  fdtiaon  dl    o r    i i.ar eo p   afab .e  vc    deKoal nt  et s i
 ,mi o wu   kt  pbc         y e  e ehei l ionnfdH  e   pm i da s t ty sf ra idomer. yteeth od a ve fh t htetl
h ot mool   ac  ruo w       o r  a dfpe atp gdf e ln   e  g in     e  ,  eg nereee wohrrhi llalle  oi ht h,hc
oane eb l   nh  ooa i       u ?  d .utn thlt  ,p  it   rh m sd m w dn  s aa  ,gnnv aueaees desgi a rn ehte"aa
mnas .sme   c   ttc t       ,    .  l s eeehtb ow qe   me a h  a a  e nt di m ed e sr nm     iatib mg  eh  tc
eds. "ein   es  e?h h               lte .  ehrcie un   ir r og l s ev oe  n yMtstr   gcoFb modntni as f eFh y
. t   rnl    i  s m o       b        r   cs eiann e    te o nl i   me ,a ss  i  oa cheenal afeolfl i, ur aed,
 te   vuy   aa  t a u       r       lyh  acc nctt uo      l oa c t or  m tt luwl n aon,yte n ,veli t  rimt e 
 ur   dt.   td  e n t       o       ane  reasgte  ri   mf e rd i i t  ne o  ishabc rst" hs ,t , et of ngohrsc
 ry    e        d .         t       ug   rnrc hdo  l   eo . el o m ih or rm foatle rpt ies  hw cui no ihneepo
 n,   ss    ha  .   a       h       g p  iereyi u t,    r   dy u e oa rs ie evtea  iilbnri weaaone  r starfiu
 i    e.    ig              e       htu  a inonht o    t       s   nd    e. !  rmi etee  n i inncs a  hss lcl
 nt   n     sa      w       r        ot  goeeugi,  I   oe   td   t ,  aa s   ch.es damgtSg trtdse, bh n tScad
 gh   t      i      o       !       w    efg r m  i     v   hi l o  p  n     oae,,  laahu. hoi ed  oe ghrueb 
  o   e     sn      r               ijh  . ei s s tw   oe   es i   tl hd a   mss   atnnep   onIc a u   ayptln
 au   n     o.      d               tui   g,npioh .i   rr   eh e d ha u  b   p  hn wy   e  bmgvuhn tc od,eeeo
 wg   t     n                       hms   r  iguu .l   d,   .o , r ay nr o   ltaeo a,yMmr  l  aeid  o f  rd t
 ah   i     ,       g                p    oaslhto .l   e    'n   a te de u   ean   y oioi  atannm  eu  bai,w 
 y    o             a               a f   tniot t .    ro    o a w  d ri t   tkdfd  auuso  col s n vl teno rb
  y   s     "       v                io   edlw ti  g    n   Ar n   h  el     en eo bn str  k saeie ed hcdroeu
 so   l     W       e               lno   s e oon  i   y    n  d b ea dw m   l rlu ydio     ror nr r  eo ,ntt
 tu   y     h                       o.t   qInaf g  v   om   dt   a  n  a e   ypetb   nvsd  he.rt v yn smr  c 
 a    ,     y       M               o     uvsn A   e   uy    h a c wy fy      lg t tnv,ir  ac ioto to e eIthf
 rw         ,       a               k o   eaedhla           sa g k a  as a   rars, hoi me  ie v hu ht  ml h,e
 ei   b             x                 n    n. iyn  y   tp   ot a . sg r. l   ecei  ettspw  ri ebas i  ruiue e
 dl   u     i       i               o     b  mmod  o   oa      i    r t  l   cetna   eil    v detl nr ocnn Fl
  l   t     t       m               f t   uw a.s   u    r   wc n   fe h      o.scl uwdmei  se . .y ge ohgdsy 
 a                  o                 h   fa t hg      fe   io     oa i  o   v".er ni,p-t  t  ni   .s m uetos
 td   I     w       v               r e   fs r ae  s   on   lm s   rt n  v   e  re hh eh   rh an e  i sliredo
  i   v     a                       e     o  e .s  u   lt   le p      g  e   r  ea atFreb  ei sv x  s  esspom
 ts   a     s       a               c s   oa s  t  c   la    t o   op s  r   e   d poyiaa  as ti a  t eshtsre
 hl   n                             k t   nb s  i  k   ol   wh k   na        d  ry puonrc  k  et g    is a.  
 ei         y       v               l e   eo ,  c  i   w    e  e   er w  t      e  ytdgtk  dg re g  p t hn Pi
  k   m     o       o               e p   ru    u  n    a   .u      t i  h   h  ga   o e    u yd e  e hvid an
 re   a     u       i               s     yt a  l  g   mu   "p i   m  l  e   i  rw drradi  we    r  e aas, vw
 o    d             l               s o      n  a  -   et    o m   oi l      s  ea ie f n  is it a  p rl   lr
 ai   e     g       e                 n   gt d  t  p   .h    n p   mn    p      tr saPfa   tt no t  i .uci od
 dt         o       n               g     ao    i  i    o      r   a  y  l   s   e ssaant  hs v  e  n  als v 
 .    n     t       t               l w   v  l  n  g    r    t e   nh o  a   e  a. eovbdi   . it d  g  ba  iq
  s   o                             e h   ef e  g       i    h s   ti u  c   l  n  nnll m  g  th       lia tu
  o         u       p               e i    o e  .  a    t    e s    s    e   f  d  t.oyce  r  ee t  i  em  ca
      r     p       u                 c   tl v     n    y    e i   a  g  .   -     i v,o   e  d  h  n  ,sn hl
  m   e             n               i h   hl e     d    .      v   ll e      c  s  o i mt  y  .d e  t    o ,m
  u   p     a       c               n     eo                 b e   li t      o  h  n tapo  ,   i m  o  atb  s
  c   s     l       h                 I    w n     k         y l   mf        m  a    cnl       n       nol t,
  h   o     l                       h v   f  o     a           y   of o      p  m  w hdea  a   n i  t  d e o 
  ,   n             i               i a   ih       s         n :   se u      l  e  i . tb  n   e n  h   tm ow
      s     t       n               s n   ni t     h         o     t, t      e  ,  t  seo  d   r    e  hha  h
  m   e     h                         '   im r     a                         c     h  p i      , h     een me
  o   .     i       t               f s   s  a     .         a     ba o      e  a     emd  a     i  k    ) un
  s         s       h               a     hi c               c     en f      n  n  h  aa       t s  i  hw  c 
  t                 e               c l   nn e               t     ld        c  d  i  knt  l   o    t  aow hh
            m                       e e   g                        i  m      y     s  inh  o     s  c  doh  e
  h         o       b               . f    g b               o     eh e      ,  b     nee  n   w e  h   dy t 
  o         n       r                 t   tr e               f     fe !         e  s   r   g   h l  e  i-  or
  n         a       e                     oi h                     i  "      a  g  o  i,s  ,   i f  n  ncn  e
  o         s       a                 f   um i               t     nn        n  g  n  n a      c -  ,  duo ha
  r         t       s                 o   c  n               h     ge        d  e  ,   kl  g   h c     ett ac
  e         e       t                 o   hs d               i      v           d     aiu  r     o  w  ei  vh
  d         r                         t    i .               n     ie        a     a   st  a   F n  h  dnb ee
            y       a                     tl "               e     tr        l  m  n  dse  v   a c  e   ge  d
  K                 n                 w   oa                                 l  e  d  ii.  e   t e  r  t   b 
  a         b       d                 a    n                 o     hh           ,     gn   ,   h i  e  haf et
  r         u                         s   tc                 w     ia        f     l  ng       e t     enr eh
  l         s       s                     he                 n     md        i  a  e  i    a   r .  h   di ne
            i       e                 s   e                  ,     s         s  n  t  fh   s        e  v e   
  v         n       n                 t    w                       es        t  d     ii   c   I       afn uF
  o         e       t                 i   ei                 b     lh              f  es   e   o    a  gid pa
  n         s                         l   pt                 e     fe        i  h  a  d    t   s    l  usl st
            .       h                 l   ih                       .d        n  i  l   h   i   i    r  ehy eh
  M                 i                     so                 n                  s  l  aa   c   f    e  se  te
 AI"FI""FY"WYA"IBW""IBSOWHILJIYAWWI""""HRHMBMA""IHIWIICVIBBB"o" T BHBI NTEYYI"AHIAaiIH""BMBHHTTTRNHHHRTBHH""H
 nvByvYAyoYhofWvuhWDtukrieteu onhhtDT IeaeauelYAte'ettoovueeTtI h ueut ehnootTsennsnnePWuiueehhhaeeeeahueeATe
 dauoao ouoyuteatyhr ti l  tmauday ihh  k xtayol yv   mnatttu t e t t  iiouu h   d"   aetut  eeeki   ket  ne 
  ntdnudd u  eln  yiw pplcw pm  t,ideeawiri nouew,ewiie n hhtc     w m tsu  hihab  ftfr  s bw  yitwwhir wddhf
 t  o  rom'aurl td,vaIpe aih  mh  z r matamaws xa  iss S Iii,oi F aahu h gcuasesrt-ahedmIotoaFo thaaatetae  e
 hsIrwsorivrr ,mhi esv rynliituodh Iek sinothhcesvcl  aoF nn ns a tses eihuss  kih-celouvvhwsatwiessdi estiml
 eh  ahp geega aedw  aoco lmnhswiov !eg n v iaoy ollofnhywkktf  t    t rs,re musee t tnsa ie thenr   nwh efot
 yrsPsa Ph  e yd  hoqnnhul  ,at dwon"poi u tl m!ano nudnoi iuow h tsw     sdcot frh,r utnesdaher, woa artr n 
  uha loattydpoecyanu,   ibp t c  no tinapshese"t uhln ,dlyntur e hoab atfe onty,ee eos  v   ere Aef fsehmtkt
 dgavslfv ao ou aot!i toleeaj boyd tc n n,ui,t   Sday s olog,ni r a se  hadtsaeo f qvb aaetttr  oll fo  eihsh
 iellt  lrluiu nru "twoni  sumeuoiS rsgsd ds ohhtobv tewr u  dt   tt   tet otsruhoguelfpnnioa gafylaounw ne a
 ddloihboek tsaoi a eh  esfsmy ludosih u pd Fooihheeohehotrttee S  osn h hm  trrerliriood m lSul o nonoameywt
    vlarvsea,er adrI ott ou,psad  haeowcAaepydmsanr ne avashudn u vuoo oaeesmee  eatagrl tehluercsa td sod'e 
 nhtilvaitdn  ergoevb hhamn  e  vynyduihlnnoo e t,rdermtikeyt   p ec t ugr eerdbh,nene oKr i,psaohwut v r rrh
 oiat ent  gyo ee  ayheetw.Iilbyoo   tt ytlidr f  yi ee tels!aa e rhce seswt y lo c ddhgaits eteuaaniooweteee
 tskcs dcarrofap tyn a   h vnfronuhhFihaoiynootamd ns. hc fe ng r yead a !i m tepreu  aileh tr,dr renuda o   
   ehisyh oyu  lhho cdbboe a!,au  ieyn  sn trootoownh nahmsl da i  dr  no tmahhseednFtvzgdeghi ysneagtksr dno
 ss  lo  bt  tfyaaush oour n  z Stm ogyhhga  t hmnyeo ov,y f  i o i ra df hynaessc saoiea yuioM eo s  a edeou
 phAwemwwi nawe.dt habxxre . begoeswd,oua,paPemee'nrr we  F  hn r nhig ,    ys i oaet n nt enraw,royea.narctg
 eulaneoateopol  ?dony,      unehaeao ur  pnadernte t   msaa a,   seea  L bw  lnagtahdgmooas, xa  f vb odoe h
 eoyit,us nwp l a"ous  wfa   t-tnrlzrl!rsaeov   t .w  iyyotn t  b t di ni eibpaqnn mee ov pt siiwa aeo  ypntt
 klot. l no?rmo l itenviet    f   f  agyafetltts l iv no nhd e' o aw n ob lfils,ditlrccs kpsbtmtanhnru g  to 
  dse tdsou"oiw rFne oote    Iaaty,vPu  wrrhooohRo te  um,e   B w naa  re letat  shy lotwir ueoisyidyt rth  t
 aehd o iwg vn, eygdhwnhto    cwho oagtt aeev -oas hr t o rt ne e tswt  r  ,ty adie.Zim esoitpvn os w  eoipbo
 gra  obl,h vu" ao, e   ,u   aeaeurnvhhhhidritduke  s htsAsh oa d , ah aa a eewnen .onehnsan p,gan eha a sel 
 as a ,ee". et  dd a tSt r   mdyrri lieaid  thati  st eotl,e tr    aya  l ntrdodsgm.se ut c se   eonel td oah
 i an   n   deF yowndaohv       essSon tm baceyety o;    e      h hl t hi dh  r i ots am hestdswp wvrl  olpma
 ncwo wntI   sy  rhgikheof   sff?eeovgc  oylh ,dio m  tsdxIr hc i emb  uz  etadbrtn itlbtidii theenie  l ilev
  oah hi v  o,o d arden ne   uer lnhi airf l s ,nu ei otue e ii s  oyo nm b e  eehkomholhs llioerl o,t utte,e
 anyt ecaa  f d rPty n!c e   rlo f ntarnu tmhpf  r  n watyws mr   fs u d, ocagogsasfaenyr telnonsscu h xhi   
 lt e negn   lo ia ln "oSt   plm  f.c r nbhoaoofs  bs nyi,it  c h ethr r  orrrfs t  ' e,ohon td oeosae uighid
 lefr   a   ior vvayoh ao.   ro  ar htihieesdtrrac rt . f l  wu e l i  et kase  t -ksh  ua cvo Mn n ns rsaeni
  mr  wnis  to  elr ti ch    iwt wo ,haini t , owh ee  fualo hm a twsm dh ,z.ahyoh-e owygnrei ai cstde y tr s
 tpot eonn  .kP noet s hn    z!h am  igsgns g gm a na  olw f os d  e o  e  y tio e ecniohde.gt uooie    biead
 htmw  w a   ia  v of  m?    e e y  dne .giiowo hn dd  r ag   p   tesn r  y   sum "peotu ,c ohlsfudmgg aeo na
 eu o g,fp   nv aiy as a     d   ?t e  i  dntaofic y   ?syot he a hpia ua oo p  ahyilrhrt e reio lepoo bcn(yi
  ot  e"oe   gl wtotle n       d  h lmhm tec cdame  o   o .h ac t aims og un attkaonl o hbi o tvtdreto ou a m
 wshm t rd    o acuhla .     a i  e iiep o rit,r . af   nf e tl   tnut be  e reoedug oureuv umt,o ar d uawnce
 alei  h     av yh e.t       t n    hr a ooenh  a" n    ,r   hy h  gle l  s, tr   r.hfte te sil ohb.i  tsidad
 yy n hets   si . a  ,         n  d ttkt  fdtiaon  dl    o r    i i.ar eo p   afab .e  vc    deKoal nt  et s 
  ,mi o wu   kt  pbc         y e  e ehei l ionnfdH  e   pm i da s t ty sf ra idomer. yteeth od a ve fh t htet
 h ot mool   ac  ruo w       o r  a dfpe atp gdf e ln   e  g in     e  ,  eg nereee wohrrhi llalle  oi ht h,h
 oane eb l   nh  ooa i       u ?  d .utn thlt  ,p  it   rh m sd m w dn  s aa  ,gnnv aueaees desgi a rn ehte"a
 mnas .sme   c   ttc t       ,    .  l s eeehtb ow qe   me a h  a a  e nt di m ed e sr nm     iatib mg  eh  t
 eds. "ein   es  e?h h               lte .  ehrcie un   ir r og l s ev oe  n yMtstr   gcoFb modntni as f eFh 
 . t   rnl    i  s m o       b        r   cs eiann e    te o nl i   me ,a ss  i  oa cheenal afeolfl i, ur aed
  te   vuy   aa  t a u       r       lyh  acc nctt uo      l oa c t or  m tt luwl n aon,yte n ,veli t  rimt e
  ur   dt.   td  e n t       o       ane  reasgte  ri   mf e rd i i t  ne o  ishabc rst" hs ,t , et of ngohrs
  ry    e        d .         t       ug   rnrc hdo  l   eo . el o m ih or rm foatle rpt ies  hw cui no ihneep
  n,   ss    ha  .   a       h       g p  iereyi u t,    r   dy u e oa rs ie evtea  iilbnri weaaone  r starfi
  i    e.    ig              e       htu  a inonht o    t       s   nd    e. !  rmi etee  n i inncs a  hss lc
  nt   n     sa      w       r        ot  goeeugi,  I   oe   td   t ,  aa s   ch.es damgtSg trtdse, bh n tSca
  gh   t      i      o       !       w    efg r m  i     v   hi l o  p  n     oae,,  laahu. hoi ed  oe ghrueb
   o   e     sn      r               ijh  . ei s s tw   oe   es i   tl hd a   mss   atnnep   onIc a u   ayptl
  au   n     o.      d               tui   g,npioh .i   rr   eh e d ha u  b   p  hn wy   e  bmgvuhn tc od,eee
  wg   t     n                       hms   r  iguu .l   d,   .o , r ay nr o   ltaeo a,yMmr  l  aeid  o f  rd 
  ah   i     ,       g                p    oaslhto .l   e    'n   a te de u   ean   y oioi  atannm  eu  bai,w
  y    o             a               a f   tniot t .    ro    o a w  d ri t   tkdfd  auuso  col s n vl teno r
   y   s     "       v                io   edlw ti  g    n   Ar n   h  el     en eo bn str  k saeie ed hcdroe
  so   l     W       e               lno   s e oon  i   y    n  d b ea dw m   l rlu ydio     ror nr r  eo ,nt
  tu   y     h                       o.t   qInaf g  v   om   dt   a  n  a e   ypetb   nvsd  he.rt v yn smr  c
  a    ,     y       M               o     uvsn A   e   uy    h a c wy fy      lg t tnv,ir  ac ioto to e eIth
  rw         ,       a               k o   eaedhla           sa g k a  as a   rars, hoi me  ie v hu ht  ml h,
  ei   b             x                 n    n. iyn  y   tp   ot a . sg r. l   ecei  ettspw  ri ebas i  ruiue 
  dl   u     i       i               o     b  mmod  o   oa      i    r t  l   cetna   eil    v detl nr ocnn F
   l   t     t       m               f t   uw a.s   u    r   wc n   fe h      o.scl uwdmei  se . .y ge ohgdsy
  a                  o                 h   fa t hg      fe   io     oa i  o   v".er ni,p-t  t  ni   .s m ueto
  td   I     w       v               r e   fs r ae  s   on   lm s   rt n  v   e  re hh eh   rh an e  i slired
   i   v     a                       e     o  e .s  u   lt   le p      g  e   r  ea atFreb  ei sv x  s  esspo
  ts   a     s       a               c s   oa s  t  c   la    t o   op s  r   e   d poyiaa  as ti a  t eshtsr
  hl   n                             k t   nb s  i  k   ol   wh k   na        d  ry puonrc  k  et g    is a. 
  ei         y       v               l e   eo ,  c  i   w    e  e   er w  t      e  ytdgtk  dg re g  p t hn P
   k   m     o       o               e p   ru    u  n    a   .u      t i  h   h  ga   o e    u yd e  e hvid a
  re   a     u       i               s     yt a  l  g   mu   "p i   m  l  e   i  rw drradi  we    r  e aas, v
  o    d             l               s o      n  a  -   et    o m   oi l      s  ea ie f n  is it a  p rl   l
  ai   e     g       e                 n   gt d  t  p   .h    n p   mn    p      tr saPfa   tt no t  i .uci o
  dt         o       n               g     ao    i  i    o      r   a  y  l   s   e ssaant  hs v  e  n  als v
  .    n     t       t               l w   v  l  n  g    r    t e   nh o  a   e  a. eovbdi   . it d  g  ba  i
   s   o                             e h   ef e  g       i    h s   ti u  c   l  n  nnll m  g  th       lia t
   o         u       p               e i    o e  .  a    t    e s    s    e   f  d  t.oyce  r  ee t  i  em  c
       r     p       u                 c   tl v     n    y    e i   a  g  .   -     i v,o   e  d  h  n  ,sn h
   m   e             n               i h   hl e     d    .      v   ll e      c  s  o i mt  y  .d e  t    o ,
